2026-09-24T09:47:56Z INF Thank you for trying Cloudflare Tunnel. Doing so, without a Cloudflare account, is a quick way to experiment and try it out. However, be aware that these account-less Tunnels have no uptime guarantee, are subject to the Cloudflare Online Services Terms of Use (https://www.cloudflare.com/website-terms/), and Cloudflare reserves the right to investigate your use of Tunnels for violations of such terms. If you intend to use Tunnels in production you should use a pre-created named tunnel by following: https://developers.cloudflare.com/cloudflare-one/connections/connect-apps
2026-09-24T09:47:56Z INF Requesting new quick Tunnel on trycloudflare.com...
2026-09-24T09:48:02Z INF +--------------------------------------------------------------------------------------------+
2026-09-24T09:48:02Z INF |  Your quick Tunnel has been created! Visit it at (it may take some time to be reachable):  |
2026-09-24T09:48:02Z INF |  https://mapping-surrey-alot-margaret.trycloudflare.com                                    |
2026-09-24T09:48:02Z INF +--------------------------------------------------------------------------------------------+
2026-09-24T09:48:02Z INF Cannot determine default configuration path. No file [config.yml config.yaml] in [~/.cloudflared ~/.cloudflare-warp ~/cloudflare-warp /etc/cloudflared /usr/local/etc/cloudflared]
2026-09-24T09:48:02Z INF Version 2026.9.1 (Checksum 03f1f25d1cc93b9ad6c60569d44060bc4f17ed97075760ed8cfca4b12dcd68cc)
2026-09-24T09:48:02Z INF GOOS: linux, GOVersion: go1.26.8, GoArch: amd64
2026-09-24T09:48:02Z INF Settings: map[ha-connections:1 protocol:quic url:http://127.0.0.1:8080]
2026-09-24T09:48:02Z INF cloudflared will not automatically update if installed by a package manager.
2026-09-24T09:48:02Z INF Generated Connector ID: 4dd10984-9a91-4fed-a2af-ea8a2d94f588
2026-09-24T09:48:02Z INF Initial protocol quic
2026-09-24T09:48:02Z INF ICMP proxy will use 172.22.172.190 as source for IPv4
2026-09-24T09:48:02Z INF ICMP proxy will use fe80::215:5dff:fe20:8c54 in zone eth0 as source for IPv6
2026-09-24T09:48:02Z WRN The user running cloudflared process has a GID (group ID) that is not within ping_group_range. You might need to add that user to a group within that range, or instead update the range to encompass a group the user is already in by modifying /proc/sys/net/ipv4/ping_group_range. Otherwise cloudflared will not be able to ping this network error="Group ID 1000 is not between ping group 1 to 0"
2026-09-24T09:48:02Z WRN ICMP proxy feature is disabled error="cannot create ICMPv4 proxy: Group ID 1000 is not between ping group 1 to 0 nor ICMPv6 proxy: socket: permission denied"
2026-09-24T09:48:02Z INF ICMP proxy will use 172.22.172.190 as source for IPv4
2026-09-24T09:48:02Z INF ICMP proxy will use fe80::215:5dff:fe20:8c54 in zone eth0 as source for IPv6
2026-09-24T09:48:02Z INF Starting metrics server on 127.0.0.1:20241/metrics
2026-09-24T09:48:02Z INF Tunnel connection curve preferences: [X25519MLKEM768 CurveID(65074) CurveP256] connIndex=0 event=0 ip=198.41.200.113
2026-09-24T09:48:02Z INF Registered tunnel connection connIndex=0 connection=c715b17c-0d32-4372-a71b-948f6cc3dc00 event=0 ip=198.41.200.113 location=fra16 protocol=quic
2026-09-24T09:48:11Z INF +-----------------------------------------------------------------------------------------------+
2026-09-24T09:48:11Z INF |                                    CONNECTIVITY PRE-CHECKS                                    |
2026-09-24T09:48:11Z INF +-----------------------------------------------------------------------------------------------+
2026-09-24T09:48:11Z INF |  COMPONENT         TARGET                     STATUS  DETAILS                                 |
2026-09-24T09:48:11Z INF |  DNS Resolution    region1.v2.argotunnel.com  PASS    DNS Resolved successfully               |
2026-09-24T09:48:11Z INF |  DNS Resolution    region2.v2.argotunnel.com  PASS    DNS Resolved successfully               |
2026-09-24T09:48:11Z INF |  UDP Connectivity  region1.v2.argotunnel.com  FAIL    QUIC connection failed                  |
2026-09-24T09:48:11Z INF |  UDP Connectivity  region2.v2.argotunnel.com  FAIL    QUIC connection failed                  |
2026-09-24T09:48:11Z INF |  TCP Connectivity  region1.v2.argotunnel.com  PASS    HTTP/2 connection successful            |
2026-09-24T09:48:11Z INF |  TCP Connectivity  region2.v2.argotunnel.com  PASS    HTTP/2 connection successful            |
2026-09-24T09:48:11Z INF |  Cloudflare API    api.cloudflare.com:443     PASS    API is reachable                        |
2026-09-24T09:48:11Z INF |  WARNING: Allow outbound QUIC traffic on port 7844 or use HTTP2.                              |
2026-09-24T09:48:11Z INF |  WARNING: Allow outbound QUIC traffic on port 7844 or use HTTP2.                              |
2026-09-24T09:48:11Z INF |                                                                                               |
2026-09-24T09:48:11Z INF |  SUMMARY: Environment ready with degraded transport. cloudflared will proceed using 'http2'.  |
2026-09-24T09:48:11Z INF +-----------------------------------------------------------------------------------------------+
2026-09-24T09:48:11Z INF precheck component="DNS Resolution" details="DNS Resolved successfully" run_id=bd380e35-8fff-41cb-8913-751e15be840f status=pass target=region1.v2.argotunnel.com
2026-09-24T09:48:11Z INF precheck component="DNS Resolution" details="DNS Resolved successfully" run_id=bd380e35-8fff-41cb-8913-751e15be840f status=pass target=region2.v2.argotunnel.com
2026-09-24T09:48:11Z INF precheck component="UDP Connectivity" details="QUIC connection failed" run_id=bd380e35-8fff-41cb-8913-751e15be840f status=fail target=region1.v2.argotunnel.com
2026-09-24T09:48:11Z INF precheck component="UDP Connectivity" details="QUIC connection failed" run_id=bd380e35-8fff-41cb-8913-751e15be840f status=fail target=region2.v2.argotunnel.com
2026-09-24T09:48:11Z INF precheck component="TCP Connectivity" details="HTTP/2 connection successful" run_id=bd380e35-8fff-41cb-8913-751e15be840f status=pass target=region1.v2.argotunnel.com
2026-09-24T09:48:11Z INF precheck component="TCP Connectivity" details="HTTP/2 connection successful" run_id=bd380e35-8fff-41cb-8913-751e15be840f status=pass target=region2.v2.argotunnel.com
2026-09-24T09:48:11Z INF precheck component="Cloudflare API" details="API is reachable" run_id=bd380e35-8fff-41cb-8913-751e15be840f status=pass target=api.cloudflare.com:443
2026-09-24T09:48:11Z INF precheck complete hard_fail=false run_id=bd380e35-8fff-41cb-8913-751e15be840f suggested_protocol=http2
